// Jest Snapshot v1, https://goo.gl/fbAQLP

exports[`renders without crashing 1`] = `
<div>
  <Navbar
    handleNewContact={[Function]}
  />
  <div
    className="container"
  >
    Main Area
  </div>
</div>
`;
